[INFO] Over approximating method ExactAndAccumulate finished with 3 solutions.
[INFO] Under approximating method False finished with 0 solutions.
